// Jest Snapshot v1, https://goo.gl/fbAQLP

exports[`Should render correctly with only one expenses 1`] = `
<div>
  <h1>
    Viewing 
    1
     expense
     totalling 
    $9.99
  </h1>
</div>
`;

exports[`Should render correctly with several expenses 1`] = `
<div>
  <h1>
    Viewing 
    3
     expense
    s
     totalling 
    $9.99
  </h1>
</div>
`;
